// Jest Snapshot v1, https://goo.gl/fbAQLP

exports[`App renders correctly 1`] = `
ShallowWrapper {
  "length": 1,
  Symbol(enzyme.__root__): [Circular],
  Symbol(enzyme.__unrendered__): <App
    location={
      Object {
        "pathname": "1/2/3/4/5",
      }
    }
    year={1985}
  />,
  Symbol(enzyme.__renderer__): Object {
    "batchedUpdates": [Function],
    "getNode": [Function],
    "render": [Function],
    "simulateEvent": [Function],
    "unmount": [Function],
  },
  Symbol(enzyme.__node__): Object {
    "instance": null,
    "key": undefined,
    "nodeType": "class",
    "props": Object {
      "children": <div
        className="container"
      >
        <Route
          component={[Function]}
          path="/"
        />
        <Route
          component={[Function]}
          exact={true}
          path="/"
        />
        <Route
          component={[Function]}
          exact={true}
          path="/circuits"
        />
        <Route
          component={[Function]}
          exact={true}
          path="/season/:id"
        />
        <Route
          component={[Function]}
          path="/season/:id/:raceId/qualifying"
        />
        <Route
          component={[Function]}
          path="/season/:id/:raceId/grid"
        />
        <Route
          component={[Function]}
          path="/season/:id/:raceId/visualise"
        />
        <Route
          component={[Function]}
          path="/season/:id/:raceId/results"
        />
      </div>,
    },
    "ref": null,
    "rendered": Object {
      "instance": null,
      "key": undefined,
      "nodeType": "host",
      "props": Object {
        "children": Array [
          <Route
            component={[Function]}
            path="/"
          />,
          <Route
            component={[Function]}
            exact={true}
            path="/"
          />,
          <Route
            component={[Function]}
            exact={true}
            path="/circuits"
          />,
          <Route
            component={[Function]}
            exact={true}
            path="/season/:id"
          />,
          <Route
            component={[Function]}
            path="/season/:id/:raceId/qualifying"
          />,
          <Route
            component={[Function]}
            path="/season/:id/:raceId/grid"
          />,
          <Route
            component={[Function]}
            path="/season/:id/:raceId/visualise"
          />,
          <Route
            component={[Function]}
            path="/season/:id/:raceId/results"
          />,
        ],
        "className": "container",
      },
      "ref": null,
      "rendered": Array [
        Object {
          "instance": null,
          "key": undefined,
          "nodeType": "class",
          "props": Object {
            "component": [Function],
            "path": "/",
          },
          "ref": null,
          "rendered": null,
          "type": [Function],
        },
        Object {
          "instance": null,
          "key": undefined,
          "nodeType": "class",
          "props": Object {
            "component": [Function],
            "exact": true,
            "path": "/",
          },
          "ref": null,
          "rendered": null,
          "type": [Function],
        },
        Object {
          "instance": null,
          "key": undefined,
          "nodeType": "class",
          "props": Object {
            "component": [Function],
            "exact": true,
            "path": "/circuits",
          },
          "ref": null,
          "rendered": null,
          "type": [Function],
        },
        Object {
          "instance": null,
          "key": undefined,
          "nodeType": "class",
          "props": Object {
            "component": [Function],
            "exact": true,
            "path": "/season/:id",
          },
          "ref": null,
          "rendered": null,
          "type": [Function],
        },
        Object {
          "instance": null,
          "key": undefined,
          "nodeType": "class",
          "props": Object {
            "component": [Function],
            "path": "/season/:id/:raceId/qualifying",
          },
          "ref": null,
          "rendered": null,
          "type": [Function],
        },
        Object {
          "instance": null,
          "key": undefined,
          "nodeType": "class",
          "props": Object {
            "component": [Function],
            "path": "/season/:id/:raceId/grid",
          },
          "ref": null,
          "rendered": null,
          "type": [Function],
        },
        Object {
          "instance": null,
          "key": undefined,
          "nodeType": "class",
          "props": Object {
            "component": [Function],
            "path": "/season/:id/:raceId/visualise",
          },
          "ref": null,
          "rendered": null,
          "type": [Function],
        },
        Object {
          "instance": null,
          "key": undefined,
          "nodeType": "class",
          "props": Object {
            "component": [Function],
            "path": "/season/:id/:raceId/results",
          },
          "ref": null,
          "rendered": null,
          "type": [Function],
        },
      ],
      "type": "div",
    },
    "type": [Function],
  },
  Symbol(enzyme.__nodes__): Array [
    Object {
      "instance": null,
      "key": undefined,
      "nodeType": "class",
      "props": Object {
        "children": <div
          className="container"
        >
          <Route
            component={[Function]}
            path="/"
          />
          <Route
            component={[Function]}
            exact={true}
            path="/"
          />
          <Route
            component={[Function]}
            exact={true}
            path="/circuits"
          />
          <Route
            component={[Function]}
            exact={true}
            path="/season/:id"
          />
          <Route
            component={[Function]}
            path="/season/:id/:raceId/qualifying"
          />
          <Route
            component={[Function]}
            path="/season/:id/:raceId/grid"
          />
          <Route
            component={[Function]}
            path="/season/:id/:raceId/visualise"
          />
          <Route
            component={[Function]}
            path="/season/:id/:raceId/results"
          />
        </div>,
      },
      "ref": null,
      "rendered": Object {
        "instance": null,
        "key": undefined,
        "nodeType": "host",
        "props": Object {
          "children": Array [
            <Route
              component={[Function]}
              path="/"
            />,
            <Route
              component={[Function]}
              exact={true}
              path="/"
            />,
            <Route
              component={[Function]}
              exact={true}
              path="/circuits"
            />,
            <Route
              component={[Function]}
              exact={true}
              path="/season/:id"
            />,
            <Route
              component={[Function]}
              path="/season/:id/:raceId/qualifying"
            />,
            <Route
              component={[Function]}
              path="/season/:id/:raceId/grid"
            />,
            <Route
              component={[Function]}
              path="/season/:id/:raceId/visualise"
            />,
            <Route
              component={[Function]}
              path="/season/:id/:raceId/results"
            />,
          ],
          "className": "container",
        },
        "ref": null,
        "rendered": Array [
          Object {
            "instance": null,
            "key": undefined,
            "nodeType": "class",
            "props": Object {
              "component": [Function],
              "path": "/",
            },
            "ref": null,
            "rendered": null,
            "type": [Function],
          },
          Object {
            "instance": null,
            "key": undefined,
            "nodeType": "class",
            "props": Object {
              "component": [Function],
              "exact": true,
              "path": "/",
            },
            "ref": null,
            "rendered": null,
            "type": [Function],
          },
          Object {
            "instance": null,
            "key": undefined,
            "nodeType": "class",
            "props": Object {
              "component": [Function],
              "exact": true,
              "path": "/circuits",
            },
            "ref": null,
            "rendered": null,
            "type": [Function],
          },
          Object {
            "instance": null,
            "key": undefined,
            "nodeType": "class",
            "props": Object {
              "component": [Function],
              "exact": true,
              "path": "/season/:id",
            },
            "ref": null,
            "rendered": null,
            "type": [Function],
          },
          Object {
            "instance": null,
            "key": undefined,
            "nodeType": "class",
            "props": Object {
              "component": [Function],
              "path": "/season/:id/:raceId/qualifying",
            },
            "ref": null,
            "rendered": null,
            "type": [Function],
          },
          Object {
            "instance": null,
            "key": undefined,
            "nodeType": "class",
            "props": Object {
              "component": [Function],
              "path": "/season/:id/:raceId/grid",
            },
            "ref": null,
            "rendered": null,
            "type": [Function],
          },
          Object {
            "instance": null,
            "key": undefined,
            "nodeType": "class",
            "props": Object {
              "component": [Function],
              "path": "/season/:id/:raceId/visualise",
            },
            "ref": null,
            "rendered": null,
            "type": [Function],
          },
          Object {
            "instance": null,
            "key": undefined,
            "nodeType": "class",
            "props": Object {
              "component": [Function],
              "path": "/season/:id/:raceId/results",
            },
            "ref": null,
            "rendered": null,
            "type": [Function],
          },
        ],
        "type": "div",
      },
      "type": [Function],
    },
  ],
  Symbol(enzyme.__options__): Object {
    "adapter": ReactFifteenAdapter {
      "options": Object {
        "supportPrevContextArgumentOfComponentDidUpdate": true,
      },
    },
  },
}
`;
