// Jest Snapshot v1, https://goo.gl/fbAQLP

exports[`Circuits renders correctly 1`] = `
ShallowWrapper {
  "length": 1,
  Symbol(enzyme.__root__): [Circular],
  Symbol(enzyme.__unrendered__): <Circuits />,
  Symbol(enzyme.__renderer__): Object {
    "batchedUpdates": [Function],
    "getNode": [Function],
    "render": [Function],
    "simulateEvent": [Function],
    "unmount": [Function],
  },
  Symbol(enzyme.__node__): Object {
    "instance": null,
    "key": null,
    "nodeType": "host",
    "props": Object {
      "children": Array [
        <h2>
          Circuits
        </h2>,
        <h3>
          Every circuit in the history of Formula 1
        </h3>,
        <table>
          <thead>
            <tr>
              <th>
                Country
              </th>
              <th>
                Circuit name
              </th>
              <th>
                Locality
              </th>
              <th>
                Map
              </th>
            </tr>
          </thead>
          <tbody>
            <div>
              Loading...
            </div>
          </tbody>
        </table>,
      ],
      "className": "circuit-list",
    },
    "ref": null,
    "rendered": Array [
      Object {
        "instance": null,
        "key": null,
        "nodeType": "host",
        "props": Object {
          "children": "Circuits",
        },
        "ref": null,
        "rendered": "Circuits",
        "type": "h2",
      },
      Object {
        "instance": null,
        "key": null,
        "nodeType": "host",
        "props": Object {
          "children": "Every circuit in the history of Formula 1",
        },
        "ref": null,
        "rendered": "Every circuit in the history of Formula 1",
        "type": "h3",
      },
      Object {
        "instance": null,
        "key": null,
        "nodeType": "host",
        "props": Object {
          "children": Array [
            <thead>
              <tr>
                <th>
                  Country
                </th>
                <th>
                  Circuit name
                </th>
                <th>
                  Locality
                </th>
                <th>
                  Map
                </th>
              </tr>
            </thead>,
            <tbody>
              <div>
                Loading...
              </div>
            </tbody>,
          ],
        },
        "ref": null,
        "rendered": Array [
          Object {
            "instance": null,
            "key": null,
            "nodeType": "host",
            "props": Object {
              "children": <tr>
                <th>
                  Country
                </th>
                <th>
                  Circuit name
                </th>
                <th>
                  Locality
                </th>
                <th>
                  Map
                </th>
              </tr>,
            },
            "ref": null,
            "rendered": Object {
              "instance": null,
              "key": null,
              "nodeType": "host",
              "props": Object {
                "children": Array [
                  <th>
                    Country
                  </th>,
                  <th>
                    Circuit name
                  </th>,
                  <th>
                    Locality
                  </th>,
                  <th>
                    Map
                  </th>,
                ],
              },
              "ref": null,
              "rendered": Array [
                Object {
                  "instance": null,
                  "key": null,
                  "nodeType": "host",
                  "props": Object {
                    "children": "Country",
                  },
                  "ref": null,
                  "rendered": "Country",
                  "type": "th",
                },
                Object {
                  "instance": null,
                  "key": null,
                  "nodeType": "host",
                  "props": Object {
                    "children": "Circuit name",
                  },
                  "ref": null,
                  "rendered": "Circuit name",
                  "type": "th",
                },
                Object {
                  "instance": null,
                  "key": null,
                  "nodeType": "host",
                  "props": Object {
                    "children": "Locality",
                  },
                  "ref": null,
                  "rendered": "Locality",
                  "type": "th",
                },
                Object {
                  "instance": null,
                  "key": null,
                  "nodeType": "host",
                  "props": Object {
                    "children": "Map",
                  },
                  "ref": null,
                  "rendered": "Map",
                  "type": "th",
                },
              ],
              "type": "tr",
            },
            "type": "thead",
          },
          Object {
            "instance": null,
            "key": null,
            "nodeType": "host",
            "props": Object {
              "children": <div>
                Loading...
              </div>,
            },
            "ref": null,
            "rendered": Object {
              "instance": null,
              "key": null,
              "nodeType": "host",
              "props": Object {
                "children": "Loading...",
              },
              "ref": null,
              "rendered": "Loading...",
              "type": "div",
            },
            "type": "tbody",
          },
        ],
        "type": "table",
      },
    ],
    "type": "div",
  },
  Symbol(enzyme.__nodes__): Array [
    Object {
      "instance": null,
      "key": null,
      "nodeType": "host",
      "props": Object {
        "children": Array [
          <h2>
            Circuits
          </h2>,
          <h3>
            Every circuit in the history of Formula 1
          </h3>,
          <table>
            <thead>
              <tr>
                <th>
                  Country
                </th>
                <th>
                  Circuit name
                </th>
                <th>
                  Locality
                </th>
                <th>
                  Map
                </th>
              </tr>
            </thead>
            <tbody>
              <div>
                Loading...
              </div>
            </tbody>
          </table>,
        ],
        "className": "circuit-list",
      },
      "ref": null,
      "rendered": Array [
        Object {
          "instance": null,
          "key": null,
          "nodeType": "host",
          "props": Object {
            "children": "Circuits",
          },
          "ref": null,
          "rendered": "Circuits",
          "type": "h2",
        },
        Object {
          "instance": null,
          "key": null,
          "nodeType": "host",
          "props": Object {
            "children": "Every circuit in the history of Formula 1",
          },
          "ref": null,
          "rendered": "Every circuit in the history of Formula 1",
          "type": "h3",
        },
        Object {
          "instance": null,
          "key": null,
          "nodeType": "host",
          "props": Object {
            "children": Array [
              <thead>
                <tr>
                  <th>
                    Country
                  </th>
                  <th>
                    Circuit name
                  </th>
                  <th>
                    Locality
                  </th>
                  <th>
                    Map
                  </th>
                </tr>
              </thead>,
              <tbody>
                <div>
                  Loading...
                </div>
              </tbody>,
            ],
          },
          "ref": null,
          "rendered": Array [
            Object {
              "instance": null,
              "key": null,
              "nodeType": "host",
              "props": Object {
                "children": <tr>
                  <th>
                    Country
                  </th>
                  <th>
                    Circuit name
                  </th>
                  <th>
                    Locality
                  </th>
                  <th>
                    Map
                  </th>
                </tr>,
              },
              "ref": null,
              "rendered": Object {
                "instance": null,
                "key": null,
                "nodeType": "host",
                "props": Object {
                  "children": Array [
                    <th>
                      Country
                    </th>,
                    <th>
                      Circuit name
                    </th>,
                    <th>
                      Locality
                    </th>,
                    <th>
                      Map
                    </th>,
                  ],
                },
                "ref": null,
                "rendered": Array [
                  Object {
                    "instance": null,
                    "key": null,
                    "nodeType": "host",
                    "props": Object {
                      "children": "Country",
                    },
                    "ref": null,
                    "rendered": "Country",
                    "type": "th",
                  },
                  Object {
                    "instance": null,
                    "key": null,
                    "nodeType": "host",
                    "props": Object {
                      "children": "Circuit name",
                    },
                    "ref": null,
                    "rendered": "Circuit name",
                    "type": "th",
                  },
                  Object {
                    "instance": null,
                    "key": null,
                    "nodeType": "host",
                    "props": Object {
                      "children": "Locality",
                    },
                    "ref": null,
                    "rendered": "Locality",
                    "type": "th",
                  },
                  Object {
                    "instance": null,
                    "key": null,
                    "nodeType": "host",
                    "props": Object {
                      "children": "Map",
                    },
                    "ref": null,
                    "rendered": "Map",
                    "type": "th",
                  },
                ],
                "type": "tr",
              },
              "type": "thead",
            },
            Object {
              "instance": null,
              "key": null,
              "nodeType": "host",
              "props": Object {
                "children": <div>
                  Loading...
                </div>,
              },
              "ref": null,
              "rendered": Object {
                "instance": null,
                "key": null,
                "nodeType": "host",
                "props": Object {
                  "children": "Loading...",
                },
                "ref": null,
                "rendered": "Loading...",
                "type": "div",
              },
              "type": "tbody",
            },
          ],
          "type": "table",
        },
      ],
      "type": "div",
    },
  ],
  Symbol(enzyme.__options__): Object {
    "adapter": ReactFifteenAdapter {
      "options": Object {
        "supportPrevContextArgumentOfComponentDidUpdate": true,
      },
    },
  },
}
`;
