// Jest Snapshot v1, https://goo.gl/fbAQLP

exports[`FullSeason component renders correctly 1`] = `
ShallowWrapper {
  "length": 1,
  Symbol(enzyme.__root__): [Circular],
  Symbol(enzyme.__unrendered__): <FullSeason />,
  Symbol(enzyme.__renderer__): Object {
    "batchedUpdates": [Function],
    "getNode": [Function],
    "render": [Function],
    "simulateEvent": [Function],
    "unmount": [Function],
  },
  Symbol(enzyme.__node__): Object {
    "instance": null,
    "key": null,
    "nodeType": "host",
    "props": Object {
      "children": Array [
        <h2>
          The 
          2014
           Formula 1 Season
        </h2>,
        Array [
          <div>
            <RaceOptions
              props={
                Object {
                  "circuitId": 1,
                  "date": "2014-03-16",
                  "name": "Australian Grand Prix",
                  "raceId": 900,
                  "raceName": "Australian Grand Prix",
                  "raceUrl": "https://en.wikipedia.org/wiki/2014_Australian_Grand_Prix",
                  "round": 1,
                  "season-year": 2014,
                  "time": "06:00:00",
                  "url": "http://en.wikipedia.org/wiki/2014_Formula_One_season",
                  "year": 2014,
                }
              }
              visibility={
                Object {
                  "visibility": "hidden",
                }
              }
            />
          </div>,
          <div>
            <RaceOptions
              props={
                Object {
                  "circuitId": 2,
                  "date": "2014-03-30",
                  "name": "Malaysian Grand Prix",
                  "raceId": 901,
                  "raceName": "Malaysian Grand Prix",
                  "raceUrl": "https://en.wikipedia.org/wiki/2014_Malaysian_Grand_Prix",
                  "round": 2,
                  "season-year": 2014,
                  "time": "08:00:00",
                  "url": "http://en.wikipedia.org/wiki/2014_Formula_One_season",
                  "year": 2014,
                }
              }
              visibility={
                Object {
                  "visibility": "hidden",
                }
              }
            />
          </div>,
        ],
      ],
      "className": "season",
    },
    "ref": null,
    "rendered": Array [
      Object {
        "instance": null,
        "key": null,
        "nodeType": "host",
        "props": Object {
          "children": Array [
            "The ",
            2014,
            " Formula 1 Season",
          ],
        },
        "ref": null,
        "rendered": Array [
          "The ",
          2014,
          " Formula 1 Season",
        ],
        "type": "h2",
      },
      Object {
        "instance": null,
        "key": "key900",
        "nodeType": "host",
        "props": Object {
          "children": <RaceOptions
            props={
              Object {
                "circuitId": 1,
                "date": "2014-03-16",
                "name": "Australian Grand Prix",
                "raceId": 900,
                "raceName": "Australian Grand Prix",
                "raceUrl": "https://en.wikipedia.org/wiki/2014_Australian_Grand_Prix",
                "round": 1,
                "season-year": 2014,
                "time": "06:00:00",
                "url": "http://en.wikipedia.org/wiki/2014_Formula_One_season",
                "year": 2014,
              }
            }
            visibility={
              Object {
                "visibility": "hidden",
              }
            }
          />,
        },
        "ref": null,
        "rendered": Object {
          "instance": null,
          "key": "900",
          "nodeType": "class",
          "props": Object {
            "props": Object {
              "circuitId": 1,
              "date": "2014-03-16",
              "name": "Australian Grand Prix",
              "raceId": 900,
              "raceName": "Australian Grand Prix",
              "raceUrl": "https://en.wikipedia.org/wiki/2014_Australian_Grand_Prix",
              "round": 1,
              "season-year": 2014,
              "time": "06:00:00",
              "url": "http://en.wikipedia.org/wiki/2014_Formula_One_season",
              "year": 2014,
            },
            "visibility": Object {
              "visibility": "hidden",
            },
          },
          "ref": null,
          "rendered": null,
          "type": [Function],
        },
        "type": "div",
      },
      Object {
        "instance": null,
        "key": "key901",
        "nodeType": "host",
        "props": Object {
          "children": <RaceOptions
            props={
              Object {
                "circuitId": 2,
                "date": "2014-03-30",
                "name": "Malaysian Grand Prix",
                "raceId": 901,
                "raceName": "Malaysian Grand Prix",
                "raceUrl": "https://en.wikipedia.org/wiki/2014_Malaysian_Grand_Prix",
                "round": 2,
                "season-year": 2014,
                "time": "08:00:00",
                "url": "http://en.wikipedia.org/wiki/2014_Formula_One_season",
                "year": 2014,
              }
            }
            visibility={
              Object {
                "visibility": "hidden",
              }
            }
          />,
        },
        "ref": null,
        "rendered": Object {
          "instance": null,
          "key": "901",
          "nodeType": "class",
          "props": Object {
            "props": Object {
              "circuitId": 2,
              "date": "2014-03-30",
              "name": "Malaysian Grand Prix",
              "raceId": 901,
              "raceName": "Malaysian Grand Prix",
              "raceUrl": "https://en.wikipedia.org/wiki/2014_Malaysian_Grand_Prix",
              "round": 2,
              "season-year": 2014,
              "time": "08:00:00",
              "url": "http://en.wikipedia.org/wiki/2014_Formula_One_season",
              "year": 2014,
            },
            "visibility": Object {
              "visibility": "hidden",
            },
          },
          "ref": null,
          "rendered": null,
          "type": [Function],
        },
        "type": "div",
      },
    ],
    "type": "div",
  },
  Symbol(enzyme.__nodes__): Array [
    Object {
      "instance": null,
      "key": null,
      "nodeType": "host",
      "props": Object {
        "children": Array [
          <h2>
            The 
            2014
             Formula 1 Season
          </h2>,
          Array [
            <div>
              <RaceOptions
                props={
                  Object {
                    "circuitId": 1,
                    "date": "2014-03-16",
                    "name": "Australian Grand Prix",
                    "raceId": 900,
                    "raceName": "Australian Grand Prix",
                    "raceUrl": "https://en.wikipedia.org/wiki/2014_Australian_Grand_Prix",
                    "round": 1,
                    "season-year": 2014,
                    "time": "06:00:00",
                    "url": "http://en.wikipedia.org/wiki/2014_Formula_One_season",
                    "year": 2014,
                  }
                }
                visibility={
                  Object {
                    "visibility": "hidden",
                  }
                }
              />
            </div>,
            <div>
              <RaceOptions
                props={
                  Object {
                    "circuitId": 2,
                    "date": "2014-03-30",
                    "name": "Malaysian Grand Prix",
                    "raceId": 901,
                    "raceName": "Malaysian Grand Prix",
                    "raceUrl": "https://en.wikipedia.org/wiki/2014_Malaysian_Grand_Prix",
                    "round": 2,
                    "season-year": 2014,
                    "time": "08:00:00",
                    "url": "http://en.wikipedia.org/wiki/2014_Formula_One_season",
                    "year": 2014,
                  }
                }
                visibility={
                  Object {
                    "visibility": "hidden",
                  }
                }
              />
            </div>,
          ],
        ],
        "className": "season",
      },
      "ref": null,
      "rendered": Array [
        Object {
          "instance": null,
          "key": null,
          "nodeType": "host",
          "props": Object {
            "children": Array [
              "The ",
              2014,
              " Formula 1 Season",
            ],
          },
          "ref": null,
          "rendered": Array [
            "The ",
            2014,
            " Formula 1 Season",
          ],
          "type": "h2",
        },
        Object {
          "instance": null,
          "key": "key900",
          "nodeType": "host",
          "props": Object {
            "children": <RaceOptions
              props={
                Object {
                  "circuitId": 1,
                  "date": "2014-03-16",
                  "name": "Australian Grand Prix",
                  "raceId": 900,
                  "raceName": "Australian Grand Prix",
                  "raceUrl": "https://en.wikipedia.org/wiki/2014_Australian_Grand_Prix",
                  "round": 1,
                  "season-year": 2014,
                  "time": "06:00:00",
                  "url": "http://en.wikipedia.org/wiki/2014_Formula_One_season",
                  "year": 2014,
                }
              }
              visibility={
                Object {
                  "visibility": "hidden",
                }
              }
            />,
          },
          "ref": null,
          "rendered": Object {
            "instance": null,
            "key": "900",
            "nodeType": "class",
            "props": Object {
              "props": Object {
                "circuitId": 1,
                "date": "2014-03-16",
                "name": "Australian Grand Prix",
                "raceId": 900,
                "raceName": "Australian Grand Prix",
                "raceUrl": "https://en.wikipedia.org/wiki/2014_Australian_Grand_Prix",
                "round": 1,
                "season-year": 2014,
                "time": "06:00:00",
                "url": "http://en.wikipedia.org/wiki/2014_Formula_One_season",
                "year": 2014,
              },
              "visibility": Object {
                "visibility": "hidden",
              },
            },
            "ref": null,
            "rendered": null,
            "type": [Function],
          },
          "type": "div",
        },
        Object {
          "instance": null,
          "key": "key901",
          "nodeType": "host",
          "props": Object {
            "children": <RaceOptions
              props={
                Object {
                  "circuitId": 2,
                  "date": "2014-03-30",
                  "name": "Malaysian Grand Prix",
                  "raceId": 901,
                  "raceName": "Malaysian Grand Prix",
                  "raceUrl": "https://en.wikipedia.org/wiki/2014_Malaysian_Grand_Prix",
                  "round": 2,
                  "season-year": 2014,
                  "time": "08:00:00",
                  "url": "http://en.wikipedia.org/wiki/2014_Formula_One_season",
                  "year": 2014,
                }
              }
              visibility={
                Object {
                  "visibility": "hidden",
                }
              }
            />,
          },
          "ref": null,
          "rendered": Object {
            "instance": null,
            "key": "901",
            "nodeType": "class",
            "props": Object {
              "props": Object {
                "circuitId": 2,
                "date": "2014-03-30",
                "name": "Malaysian Grand Prix",
                "raceId": 901,
                "raceName": "Malaysian Grand Prix",
                "raceUrl": "https://en.wikipedia.org/wiki/2014_Malaysian_Grand_Prix",
                "round": 2,
                "season-year": 2014,
                "time": "08:00:00",
                "url": "http://en.wikipedia.org/wiki/2014_Formula_One_season",
                "year": 2014,
              },
              "visibility": Object {
                "visibility": "hidden",
              },
            },
            "ref": null,
            "rendered": null,
            "type": [Function],
          },
          "type": "div",
        },
      ],
      "type": "div",
    },
  ],
  Symbol(enzyme.__options__): Object {
    "adapter": ReactFifteenAdapter {
      "options": Object {
        "supportPrevContextArgumentOfComponentDidUpdate": true,
      },
    },
  },
}
`;
