// Jest Snapshot v1, https://goo.gl/fbAQLP

exports[`Grid component renders correctly 1`] = `
ShallowWrapper {
  "length": 1,
  Symbol(enzyme.__root__): [Circular],
  Symbol(enzyme.__unrendered__): <Grid
    location={
      Object {
        "pathname": "0/1/2015/999",
      }
    }
  />,
  Symbol(enzyme.__renderer__): Object {
    "batchedUpdates": [Function],
    "getNode": [Function],
    "render": [Function],
    "simulateEvent": [Function],
    "unmount": [Function],
  },
  Symbol(enzyme.__node__): Object {
    "instance": null,
    "key": undefined,
    "nodeType": "host",
    "props": Object {
      "children": Array [
        <h2>
          1985
           
          Australian Grand Prix
        </h2>,
        <h3>
          Starting Grid
        </h3>,
        <table>
          <thead>
            <tr>
              <th>
                Position
              </th>
              <th>
                Driver
              </th>
              <th>
                Team
              </th>
            </tr>
          </thead>
          <tbody>
            <tr>
              <td>
                <strong />
              </td>
              <td>
                <a
                  href={undefined}
                >
                   
                </a>
              </td>
              <td>
                <a
                  href={undefined}
                />
              </td>
            </tr>
            <tr>
              <td>
                <strong />
              </td>
              <td>
                <a
                  href={undefined}
                >
                   
                </a>
              </td>
              <td>
                <a
                  href={undefined}
                />
              </td>
            </tr>
          </tbody>
        </table>,
      ],
      "className": "grid sub-section",
    },
    "ref": null,
    "rendered": Array [
      Object {
        "instance": null,
        "key": undefined,
        "nodeType": "host",
        "props": Object {
          "children": Array [
            1985,
            " ",
            "Australian Grand Prix",
          ],
        },
        "ref": null,
        "rendered": Array [
          1985,
          " ",
          "Australian Grand Prix",
        ],
        "type": "h2",
      },
      Object {
        "instance": null,
        "key": undefined,
        "nodeType": "host",
        "props": Object {
          "children": "Starting Grid",
        },
        "ref": null,
        "rendered": "Starting Grid",
        "type": "h3",
      },
      Object {
        "instance": null,
        "key": undefined,
        "nodeType": "host",
        "props": Object {
          "children": Array [
            <thead>
              <tr>
                <th>
                  Position
                </th>
                <th>
                  Driver
                </th>
                <th>
                  Team
                </th>
              </tr>
            </thead>,
            <tbody>
              <tr>
                <td>
                  <strong />
                </td>
                <td>
                  <a
                    href={undefined}
                  >
                     
                  </a>
                </td>
                <td>
                  <a
                    href={undefined}
                  />
                </td>
              </tr>
              <tr>
                <td>
                  <strong />
                </td>
                <td>
                  <a
                    href={undefined}
                  >
                     
                  </a>
                </td>
                <td>
                  <a
                    href={undefined}
                  />
                </td>
              </tr>
            </tbody>,
          ],
        },
        "ref": null,
        "rendered": Array [
          Object {
            "instance": null,
            "key": undefined,
            "nodeType": "host",
            "props": Object {
              "children": <tr>
                <th>
                  Position
                </th>
                <th>
                  Driver
                </th>
                <th>
                  Team
                </th>
              </tr>,
            },
            "ref": null,
            "rendered": Object {
              "instance": null,
              "key": undefined,
              "nodeType": "host",
              "props": Object {
                "children": Array [
                  <th>
                    Position
                  </th>,
                  <th>
                    Driver
                  </th>,
                  <th>
                    Team
                  </th>,
                ],
              },
              "ref": null,
              "rendered": Array [
                Object {
                  "instance": null,
                  "key": undefined,
                  "nodeType": "host",
                  "props": Object {
                    "children": "Position",
                  },
                  "ref": null,
                  "rendered": "Position",
                  "type": "th",
                },
                Object {
                  "instance": null,
                  "key": undefined,
                  "nodeType": "host",
                  "props": Object {
                    "children": "Driver",
                  },
                  "ref": null,
                  "rendered": "Driver",
                  "type": "th",
                },
                Object {
                  "instance": null,
                  "key": undefined,
                  "nodeType": "host",
                  "props": Object {
                    "children": "Team",
                  },
                  "ref": null,
                  "rendered": "Team",
                  "type": "th",
                },
              ],
              "type": "tr",
            },
            "type": "thead",
          },
          Object {
            "instance": null,
            "key": undefined,
            "nodeType": "host",
            "props": Object {
              "children": Array [
                <tr>
                  <td>
                    <strong />
                  </td>
                  <td>
                    <a
                      href={undefined}
                    >
                       
                    </a>
                  </td>
                  <td>
                    <a
                      href={undefined}
                    />
                  </td>
                </tr>,
                <tr>
                  <td>
                    <strong />
                  </td>
                  <td>
                    <a
                      href={undefined}
                    >
                       
                    </a>
                  </td>
                  <td>
                    <a
                      href={undefined}
                    />
                  </td>
                </tr>,
              ],
            },
            "ref": null,
            "rendered": Array [
              Object {
                "instance": null,
                "key": undefined,
                "nodeType": "host",
                "props": Object {
                  "children": Array [
                    <td>
                      <strong />
                    </td>,
                    <td>
                      <a
                        href={undefined}
                      >
                         
                      </a>
                    </td>,
                    <td>
                      <a
                        href={undefined}
                      />
                    </td>,
                  ],
                },
                "ref": null,
                "rendered": Array [
                  Object {
                    "instance": null,
                    "key": undefined,
                    "nodeType": "host",
                    "props": Object {
                      "children": <strong />,
                    },
                    "ref": null,
                    "rendered": Object {
                      "instance": null,
                      "key": undefined,
                      "nodeType": "host",
                      "props": Object {
                        "children": undefined,
                      },
                      "ref": null,
                      "rendered": null,
                      "type": "strong",
                    },
                    "type": "td",
                  },
                  Object {
                    "instance": null,
                    "key": undefined,
                    "nodeType": "host",
                    "props": Object {
                      "children": <a
                        href={undefined}
                      >
                         
                      </a>,
                    },
                    "ref": null,
                    "rendered": Object {
                      "instance": null,
                      "key": undefined,
                      "nodeType": "host",
                      "props": Object {
                        "children": Array [
                          undefined,
                          " ",
                          undefined,
                        ],
                        "href": undefined,
                      },
                      "ref": null,
                      "rendered": Array [
                        undefined,
                        " ",
                        undefined,
                      ],
                      "type": "a",
                    },
                    "type": "td",
                  },
                  Object {
                    "instance": null,
                    "key": undefined,
                    "nodeType": "host",
                    "props": Object {
                      "children": <a
                        href={undefined}
                      />,
                    },
                    "ref": null,
                    "rendered": Object {
                      "instance": null,
                      "key": undefined,
                      "nodeType": "host",
                      "props": Object {
                        "children": undefined,
                        "href": undefined,
                      },
                      "ref": null,
                      "rendered": null,
                      "type": "a",
                    },
                    "type": "td",
                  },
                ],
                "type": "tr",
              },
              Object {
                "instance": null,
                "key": undefined,
                "nodeType": "host",
                "props": Object {
                  "children": Array [
                    <td>
                      <strong />
                    </td>,
                    <td>
                      <a
                        href={undefined}
                      >
                         
                      </a>
                    </td>,
                    <td>
                      <a
                        href={undefined}
                      />
                    </td>,
                  ],
                },
                "ref": null,
                "rendered": Array [
                  Object {
                    "instance": null,
                    "key": undefined,
                    "nodeType": "host",
                    "props": Object {
                      "children": <strong />,
                    },
                    "ref": null,
                    "rendered": Object {
                      "instance": null,
                      "key": undefined,
                      "nodeType": "host",
                      "props": Object {
                        "children": undefined,
                      },
                      "ref": null,
                      "rendered": null,
                      "type": "strong",
                    },
                    "type": "td",
                  },
                  Object {
                    "instance": null,
                    "key": undefined,
                    "nodeType": "host",
                    "props": Object {
                      "children": <a
                        href={undefined}
                      >
                         
                      </a>,
                    },
                    "ref": null,
                    "rendered": Object {
                      "instance": null,
                      "key": undefined,
                      "nodeType": "host",
                      "props": Object {
                        "children": Array [
                          undefined,
                          " ",
                          undefined,
                        ],
                        "href": undefined,
                      },
                      "ref": null,
                      "rendered": Array [
                        undefined,
                        " ",
                        undefined,
                      ],
                      "type": "a",
                    },
                    "type": "td",
                  },
                  Object {
                    "instance": null,
                    "key": undefined,
                    "nodeType": "host",
                    "props": Object {
                      "children": <a
                        href={undefined}
                      />,
                    },
                    "ref": null,
                    "rendered": Object {
                      "instance": null,
                      "key": undefined,
                      "nodeType": "host",
                      "props": Object {
                        "children": undefined,
                        "href": undefined,
                      },
                      "ref": null,
                      "rendered": null,
                      "type": "a",
                    },
                    "type": "td",
                  },
                ],
                "type": "tr",
              },
            ],
            "type": "tbody",
          },
        ],
        "type": "table",
      },
    ],
    "type": "div",
  },
  Symbol(enzyme.__nodes__): Array [
    Object {
      "instance": null,
      "key": undefined,
      "nodeType": "host",
      "props": Object {
        "children": Array [
          <h2>
            1985
             
            Australian Grand Prix
          </h2>,
          <h3>
            Starting Grid
          </h3>,
          <table>
            <thead>
              <tr>
                <th>
                  Position
                </th>
                <th>
                  Driver
                </th>
                <th>
                  Team
                </th>
              </tr>
            </thead>
            <tbody>
              <tr>
                <td>
                  <strong />
                </td>
                <td>
                  <a
                    href={undefined}
                  >
                     
                  </a>
                </td>
                <td>
                  <a
                    href={undefined}
                  />
                </td>
              </tr>
              <tr>
                <td>
                  <strong />
                </td>
                <td>
                  <a
                    href={undefined}
                  >
                     
                  </a>
                </td>
                <td>
                  <a
                    href={undefined}
                  />
                </td>
              </tr>
            </tbody>
          </table>,
        ],
        "className": "grid sub-section",
      },
      "ref": null,
      "rendered": Array [
        Object {
          "instance": null,
          "key": undefined,
          "nodeType": "host",
          "props": Object {
            "children": Array [
              1985,
              " ",
              "Australian Grand Prix",
            ],
          },
          "ref": null,
          "rendered": Array [
            1985,
            " ",
            "Australian Grand Prix",
          ],
          "type": "h2",
        },
        Object {
          "instance": null,
          "key": undefined,
          "nodeType": "host",
          "props": Object {
            "children": "Starting Grid",
          },
          "ref": null,
          "rendered": "Starting Grid",
          "type": "h3",
        },
        Object {
          "instance": null,
          "key": undefined,
          "nodeType": "host",
          "props": Object {
            "children": Array [
              <thead>
                <tr>
                  <th>
                    Position
                  </th>
                  <th>
                    Driver
                  </th>
                  <th>
                    Team
                  </th>
                </tr>
              </thead>,
              <tbody>
                <tr>
                  <td>
                    <strong />
                  </td>
                  <td>
                    <a
                      href={undefined}
                    >
                       
                    </a>
                  </td>
                  <td>
                    <a
                      href={undefined}
                    />
                  </td>
                </tr>
                <tr>
                  <td>
                    <strong />
                  </td>
                  <td>
                    <a
                      href={undefined}
                    >
                       
                    </a>
                  </td>
                  <td>
                    <a
                      href={undefined}
                    />
                  </td>
                </tr>
              </tbody>,
            ],
          },
          "ref": null,
          "rendered": Array [
            Object {
              "instance": null,
              "key": undefined,
              "nodeType": "host",
              "props": Object {
                "children": <tr>
                  <th>
                    Position
                  </th>
                  <th>
                    Driver
                  </th>
                  <th>
                    Team
                  </th>
                </tr>,
              },
              "ref": null,
              "rendered": Object {
                "instance": null,
                "key": undefined,
                "nodeType": "host",
                "props": Object {
                  "children": Array [
                    <th>
                      Position
                    </th>,
                    <th>
                      Driver
                    </th>,
                    <th>
                      Team
                    </th>,
                  ],
                },
                "ref": null,
                "rendered": Array [
                  Object {
                    "instance": null,
                    "key": undefined,
                    "nodeType": "host",
                    "props": Object {
                      "children": "Position",
                    },
                    "ref": null,
                    "rendered": "Position",
                    "type": "th",
                  },
                  Object {
                    "instance": null,
                    "key": undefined,
                    "nodeType": "host",
                    "props": Object {
                      "children": "Driver",
                    },
                    "ref": null,
                    "rendered": "Driver",
                    "type": "th",
                  },
                  Object {
                    "instance": null,
                    "key": undefined,
                    "nodeType": "host",
                    "props": Object {
                      "children": "Team",
                    },
                    "ref": null,
                    "rendered": "Team",
                    "type": "th",
                  },
                ],
                "type": "tr",
              },
              "type": "thead",
            },
            Object {
              "instance": null,
              "key": undefined,
              "nodeType": "host",
              "props": Object {
                "children": Array [
                  <tr>
                    <td>
                      <strong />
                    </td>
                    <td>
                      <a
                        href={undefined}
                      >
                         
                      </a>
                    </td>
                    <td>
                      <a
                        href={undefined}
                      />
                    </td>
                  </tr>,
                  <tr>
                    <td>
                      <strong />
                    </td>
                    <td>
                      <a
                        href={undefined}
                      >
                         
                      </a>
                    </td>
                    <td>
                      <a
                        href={undefined}
                      />
                    </td>
                  </tr>,
                ],
              },
              "ref": null,
              "rendered": Array [
                Object {
                  "instance": null,
                  "key": undefined,
                  "nodeType": "host",
                  "props": Object {
                    "children": Array [
                      <td>
                        <strong />
                      </td>,
                      <td>
                        <a
                          href={undefined}
                        >
                           
                        </a>
                      </td>,
                      <td>
                        <a
                          href={undefined}
                        />
                      </td>,
                    ],
                  },
                  "ref": null,
                  "rendered": Array [
                    Object {
                      "instance": null,
                      "key": undefined,
                      "nodeType": "host",
                      "props": Object {
                        "children": <strong />,
                      },
                      "ref": null,
                      "rendered": Object {
                        "instance": null,
                        "key": undefined,
                        "nodeType": "host",
                        "props": Object {
                          "children": undefined,
                        },
                        "ref": null,
                        "rendered": null,
                        "type": "strong",
                      },
                      "type": "td",
                    },
                    Object {
                      "instance": null,
                      "key": undefined,
                      "nodeType": "host",
                      "props": Object {
                        "children": <a
                          href={undefined}
                        >
                           
                        </a>,
                      },
                      "ref": null,
                      "rendered": Object {
                        "instance": null,
                        "key": undefined,
                        "nodeType": "host",
                        "props": Object {
                          "children": Array [
                            undefined,
                            " ",
                            undefined,
                          ],
                          "href": undefined,
                        },
                        "ref": null,
                        "rendered": Array [
                          undefined,
                          " ",
                          undefined,
                        ],
                        "type": "a",
                      },
                      "type": "td",
                    },
                    Object {
                      "instance": null,
                      "key": undefined,
                      "nodeType": "host",
                      "props": Object {
                        "children": <a
                          href={undefined}
                        />,
                      },
                      "ref": null,
                      "rendered": Object {
                        "instance": null,
                        "key": undefined,
                        "nodeType": "host",
                        "props": Object {
                          "children": undefined,
                          "href": undefined,
                        },
                        "ref": null,
                        "rendered": null,
                        "type": "a",
                      },
                      "type": "td",
                    },
                  ],
                  "type": "tr",
                },
                Object {
                  "instance": null,
                  "key": undefined,
                  "nodeType": "host",
                  "props": Object {
                    "children": Array [
                      <td>
                        <strong />
                      </td>,
                      <td>
                        <a
                          href={undefined}
                        >
                           
                        </a>
                      </td>,
                      <td>
                        <a
                          href={undefined}
                        />
                      </td>,
                    ],
                  },
                  "ref": null,
                  "rendered": Array [
                    Object {
                      "instance": null,
                      "key": undefined,
                      "nodeType": "host",
                      "props": Object {
                        "children": <strong />,
                      },
                      "ref": null,
                      "rendered": Object {
                        "instance": null,
                        "key": undefined,
                        "nodeType": "host",
                        "props": Object {
                          "children": undefined,
                        },
                        "ref": null,
                        "rendered": null,
                        "type": "strong",
                      },
                      "type": "td",
                    },
                    Object {
                      "instance": null,
                      "key": undefined,
                      "nodeType": "host",
                      "props": Object {
                        "children": <a
                          href={undefined}
                        >
                           
                        </a>,
                      },
                      "ref": null,
                      "rendered": Object {
                        "instance": null,
                        "key": undefined,
                        "nodeType": "host",
                        "props": Object {
                          "children": Array [
                            undefined,
                            " ",
                            undefined,
                          ],
                          "href": undefined,
                        },
                        "ref": null,
                        "rendered": Array [
                          undefined,
                          " ",
                          undefined,
                        ],
                        "type": "a",
                      },
                      "type": "td",
                    },
                    Object {
                      "instance": null,
                      "key": undefined,
                      "nodeType": "host",
                      "props": Object {
                        "children": <a
                          href={undefined}
                        />,
                      },
                      "ref": null,
                      "rendered": Object {
                        "instance": null,
                        "key": undefined,
                        "nodeType": "host",
                        "props": Object {
                          "children": undefined,
                          "href": undefined,
                        },
                        "ref": null,
                        "rendered": null,
                        "type": "a",
                      },
                      "type": "td",
                    },
                  ],
                  "type": "tr",
                },
              ],
              "type": "tbody",
            },
          ],
          "type": "table",
        },
      ],
      "type": "div",
    },
  ],
  Symbol(enzyme.__options__): Object {
    "adapter": ReactFifteenAdapter {
      "options": Object {
        "supportPrevContextArgumentOfComponentDidUpdate": true,
      },
    },
  },
}
`;
