// Jest Snapshot v1, https://goo.gl/fbAQLP

exports[`Header renders correctly 1`] = `
ShallowWrapper {
  "length": 1,
  Symbol(enzyme.__root__): [Circular],
  Symbol(enzyme.__unrendered__): <Header
    location={
      Object {
        "pathname": "/season/2014",
      }
    }
  />,
  Symbol(enzyme.__renderer__): Object {
    "batchedUpdates": [Function],
    "getNode": [Function],
    "render": [Function],
    "simulateEvent": [Function],
    "unmount": [Function],
  },
  Symbol(enzyme.__node__): Object {
    "instance": null,
    "key": null,
    "nodeType": "host",
    "props": Object {
      "children": Array [
        <nav>
          <a
            href="/#/"
            id="home-link"
          >
            Home
          </a>
        </nav>,
        <h1>
          F1ian
        </h1>,
      ],
      "className": "header",
    },
    "ref": null,
    "rendered": Array [
      Object {
        "instance": null,
        "key": null,
        "nodeType": "host",
        "props": Object {
          "children": <a
            href="/#/"
            id="home-link"
          >
            Home
          </a>,
        },
        "ref": null,
        "rendered": Object {
          "instance": null,
          "key": null,
          "nodeType": "host",
          "props": Object {
            "children": "Home",
            "href": "/#/",
            "id": "home-link",
          },
          "ref": null,
          "rendered": "Home",
          "type": "a",
        },
        "type": "nav",
      },
      Object {
        "instance": null,
        "key": null,
        "nodeType": "host",
        "props": Object {
          "children": "F1ian",
        },
        "ref": null,
        "rendered": "F1ian",
        "type": "h1",
      },
    ],
    "type": "div",
  },
  Symbol(enzyme.__nodes__): Array [
    Object {
      "instance": null,
      "key": null,
      "nodeType": "host",
      "props": Object {
        "children": Array [
          <nav>
            <a
              href="/#/"
              id="home-link"
            >
              Home
            </a>
          </nav>,
          <h1>
            F1ian
          </h1>,
        ],
        "className": "header",
      },
      "ref": null,
      "rendered": Array [
        Object {
          "instance": null,
          "key": null,
          "nodeType": "host",
          "props": Object {
            "children": <a
              href="/#/"
              id="home-link"
            >
              Home
            </a>,
          },
          "ref": null,
          "rendered": Object {
            "instance": null,
            "key": null,
            "nodeType": "host",
            "props": Object {
              "children": "Home",
              "href": "/#/",
              "id": "home-link",
            },
            "ref": null,
            "rendered": "Home",
            "type": "a",
          },
          "type": "nav",
        },
        Object {
          "instance": null,
          "key": null,
          "nodeType": "host",
          "props": Object {
            "children": "F1ian",
          },
          "ref": null,
          "rendered": "F1ian",
          "type": "h1",
        },
      ],
      "type": "div",
    },
  ],
  Symbol(enzyme.__options__): Object {
    "adapter": ReactFifteenAdapter {
      "options": Object {
        "supportPrevContextArgumentOfComponentDidUpdate": true,
      },
    },
  },
}
`;
