// Jest Snapshot v1, https://goo.gl/fbAQLP

exports[`Home component renders correctly 1`] = `
ShallowWrapper {
  Symbol(enzyme.__root__): [Circular],
  Symbol(enzyme.__unrendered__): <Home />,
  Symbol(enzyme.__renderer__): Object {
    "batchedUpdates": [Function],
    "getNode": [Function],
    "render": [Function],
    "simulateEvent": [Function],
    "unmount": [Function],
  },
  Symbol(enzyme.__node__): Object {
    "instance": null,
    "key": undefined,
    "nodeType": "host",
    "props": Object {
      "children": <div
        className="twelve columns home"
      >
        <h3
          data-test="heading-seasons"
        >
          Seasons
        </h3>
        <ul
          className="seasons"
        >
          <Loading />
        </ul>
        <h3
          data-test="heading-circuits"
        >
          Circuits
        </h3>
        <div
          className="circuits"
        >
          <a
            href="/#/circuits"
          >
            See all the circuits
          </a>
        </div>
      </div>,
      "className": "row",
    },
    "ref": null,
    "rendered": Object {
      "instance": null,
      "key": undefined,
      "nodeType": "host",
      "props": Object {
        "children": Array [
          <h3
            data-test="heading-seasons"
          >
            Seasons
          </h3>,
          <ul
            className="seasons"
          >
            <Loading />
          </ul>,
          <h3
            data-test="heading-circuits"
          >
            Circuits
          </h3>,
          <div
            className="circuits"
          >
            <a
              href="/#/circuits"
            >
              See all the circuits
            </a>
          </div>,
        ],
        "className": "twelve columns home",
      },
      "ref": null,
      "rendered": Array [
        Object {
          "instance": null,
          "key": undefined,
          "nodeType": "host",
          "props": Object {
            "children": "Seasons",
            "data-test": "heading-seasons",
          },
          "ref": null,
          "rendered": "Seasons",
          "type": "h3",
        },
        Object {
          "instance": null,
          "key": undefined,
          "nodeType": "host",
          "props": Object {
            "children": <Loading />,
            "className": "seasons",
          },
          "ref": null,
          "rendered": Object {
            "instance": null,
            "key": undefined,
            "nodeType": "function",
            "props": Object {},
            "ref": null,
            "rendered": null,
            "type": [Function],
          },
          "type": "ul",
        },
        Object {
          "instance": null,
          "key": undefined,
          "nodeType": "host",
          "props": Object {
            "children": "Circuits",
            "data-test": "heading-circuits",
          },
          "ref": null,
          "rendered": "Circuits",
          "type": "h3",
        },
        Object {
          "instance": null,
          "key": undefined,
          "nodeType": "host",
          "props": Object {
            "children": <a
              href="/#/circuits"
            >
              See all the circuits
            </a>,
            "className": "circuits",
          },
          "ref": null,
          "rendered": Object {
            "instance": null,
            "key": undefined,
            "nodeType": "host",
            "props": Object {
              "children": "See all the circuits",
              "href": "/#/circuits",
            },
            "ref": null,
            "rendered": "See all the circuits",
            "type": "a",
          },
          "type": "div",
        },
      ],
      "type": "div",
    },
    "type": "div",
  },
  Symbol(enzyme.__nodes__): Array [
    Object {
      "instance": null,
      "key": undefined,
      "nodeType": "host",
      "props": Object {
        "children": <div
          className="twelve columns home"
        >
          <h3
            data-test="heading-seasons"
          >
            Seasons
          </h3>
          <ul
            className="seasons"
          >
            <Loading />
          </ul>
          <h3
            data-test="heading-circuits"
          >
            Circuits
          </h3>
          <div
            className="circuits"
          >
            <a
              href="/#/circuits"
            >
              See all the circuits
            </a>
          </div>
        </div>,
        "className": "row",
      },
      "ref": null,
      "rendered": Object {
        "instance": null,
        "key": undefined,
        "nodeType": "host",
        "props": Object {
          "children": Array [
            <h3
              data-test="heading-seasons"
            >
              Seasons
            </h3>,
            <ul
              className="seasons"
            >
              <Loading />
            </ul>,
            <h3
              data-test="heading-circuits"
            >
              Circuits
            </h3>,
            <div
              className="circuits"
            >
              <a
                href="/#/circuits"
              >
                See all the circuits
              </a>
            </div>,
          ],
          "className": "twelve columns home",
        },
        "ref": null,
        "rendered": Array [
          Object {
            "instance": null,
            "key": undefined,
            "nodeType": "host",
            "props": Object {
              "children": "Seasons",
              "data-test": "heading-seasons",
            },
            "ref": null,
            "rendered": "Seasons",
            "type": "h3",
          },
          Object {
            "instance": null,
            "key": undefined,
            "nodeType": "host",
            "props": Object {
              "children": <Loading />,
              "className": "seasons",
            },
            "ref": null,
            "rendered": Object {
              "instance": null,
              "key": undefined,
              "nodeType": "function",
              "props": Object {},
              "ref": null,
              "rendered": null,
              "type": [Function],
            },
            "type": "ul",
          },
          Object {
            "instance": null,
            "key": undefined,
            "nodeType": "host",
            "props": Object {
              "children": "Circuits",
              "data-test": "heading-circuits",
            },
            "ref": null,
            "rendered": "Circuits",
            "type": "h3",
          },
          Object {
            "instance": null,
            "key": undefined,
            "nodeType": "host",
            "props": Object {
              "children": <a
                href="/#/circuits"
              >
                See all the circuits
              </a>,
              "className": "circuits",
            },
            "ref": null,
            "rendered": Object {
              "instance": null,
              "key": undefined,
              "nodeType": "host",
              "props": Object {
                "children": "See all the circuits",
                "href": "/#/circuits",
              },
              "ref": null,
              "rendered": "See all the circuits",
              "type": "a",
            },
            "type": "div",
          },
        ],
        "type": "div",
      },
      "type": "div",
    },
  ],
  Symbol(enzyme.__options__): Object {
    "adapter": ReactFifteenAdapter {
      "options": Object {
        "legacyContextMode": "parent",
        "lifecycles": Object {
          "componentDidUpdate": Object {
            "prevContext": true,
          },
          "getChildContext": Object {
            "calledByRenderer": true,
          },
        },
        "supportPrevContextArgumentOfComponentDidUpdate": true,
      },
    },
  },
  Symbol(enzyme.__childContext__): null,
}
`;
